[INFO] Scanning for projects...
[INFO] 
[INFO] -----------------< com.budgetwise:budgetwise-backend >------------------
[INFO] Building BudgetWise Backend 1.0.0
[INFO]   from pom.xml
[INFO] --------------------------------[ jar ]---------------------------------
[INFO] 
[INFO] --- resources:3.3.1:resources (default-resources) @ budgetwise-backend ---
[INFO] Copying 2 resources from src\main\resources to target\classes
[INFO] Copying 0 resource from src\main\resources to target\classes
[INFO] 
[INFO] --- compiler:3.11.0:compile (default-compile) @ budgetwise-backend ---
[INFO] Changes detected - recompiling the module! :source
[INFO] Compiling 115 source files with javac [debug release 21] to target\classes
[INFO] /C:/budgetwise tracker/backend/src/main/java/com/budgetwise/security/RateLimitingFilter.java: C:\budgetwise tracker\backend\src\main\java\com\budgetwise\security\RateLimitingFilter.java uses or overrides a deprecated API.
[INFO] /C:/budgetwise tracker/backend/src/main/java/com/budgetwise/security/RateLimitingFilter.java: Recompile with -Xlint:deprecation for details.
[INFO] -------------------------------------------------------------
[ERROR] COMPILATION ERROR : 
[INFO] -------------------------------------------------------------
[ERROR] /C:/budgetwise tracker/backend/src/main/java/com/budgetwise/service/AdminService.java:[233,43] cannot find symbol
  symbol:   method getTargetDate()
  location: variable goal of type com.budgetwise.entity.SavingsGoal
[ERROR] /C:/budgetwise tracker/backend/src/main/java/com/budgetwise/service/AdminService.java:[273,42] cannot find symbol
  symbol:   method getFrequency()
  location: variable bill of type com.budgetwise.entity.Bill
[INFO] 2 errors 
[INFO] -------------------------------------------------------------
[INFO] ------------------------------------------------------------------------
[INFO] BUILD FAILURE
[INFO] ------------------------------------------------------------------------
[INFO] Total time:  9.936 s
[INFO] Finished at: 2025-11-25T23:17:09+05:30
[INFO] ------------------------------------------------------------------------
[ERROR] Failed to execute goal org.apache.maven.plugins:maven-compiler-plugin:3.11.0:compile (default-compile) on project budgetwise-backend: Compilation failure: Compilation failure: 
[ERROR] /C:/budgetwise tracker/backend/src/main/java/com/budgetwise/service/AdminService.java:[233,43] cannot find symbol
[ERROR]   symbol:   method getTargetDate()
[ERROR]   location: variable goal of type com.budgetwise.entity.SavingsGoal
[ERROR] /C:/budgetwise tracker/backend/src/main/java/com/budgetwise/service/AdminService.java:[273,42] cannot find symbol
[ERROR]   symbol:   method getFrequency()
[ERROR]   location: variable bill of type com.budgetwise.entity.Bill
[ERROR] -> [Help 1]
[ERROR] 
[ERROR] To see the full stack trace of the errors, re-run Maven with the -e switch.
[ERROR] Re-run Maven using the -X switch to enable full debug logging.
[ERROR] 
[ERROR] For more information about the errors and possible solutions, please read the following articles:
[ERROR] [Help 1] http://cwiki.apache.org/confluence/display/MAVEN/MojoFailureException
